export const snapshot = {};

snapshot[`makeSummaryTable 1`] = `
"\`\`\`markdown
| Who      | When   | How Long | What                                   | Type |
| -------- | ------ | -------- | -------------------------------------- | ---- |
| Capybara | 2 aug  | 2h       | do something cool                      | OT   |
| Capybara | 3 aug  | 1h       | fix something awesome                  | OT   |
| Yagi     | 7 aug  | 3h       | prod incident something something      | OT   |
| Yagi     | 17 aug | 8h       | its holiday and im working             | PH   |
| Kaffu    | 30 aug | 2h       | need to finish this thing for showcase | OT   |
\`\`\`"
`;
